10.228.39.199 - - [06/Feb/2014:08:02:15 +0100] "GET /_internal/healthcheck HTTP/1.1" 200 12 "-" "-"
10.228.39.172 - - [06/Feb/2014:08:02:15 +0100] "GET /_internal/healthcheck HTTP/1.1" 200 12 "-" "-"
10.228.39.162 - - [06/Feb/2014:08:02:15 +0100] "GET /Videos_A-Z?lpage=15&searchWord=Bullet&searchOrder=1 HTTP/1.1" 404 69 "-" "Mozilla/5.0 (X11; Linux i686; rv:9.0.1) Gecko/20100101 Firefox/9.0.1"
10.228.39.199 - - [06/Feb/2014:08:02:16 +0100] "POST /service/data/video/9450868/config/simpleHtml5Player HTTP/1.1" 200 1128 "http://www.myvideo.de/Aktion/99fire-films-2014" "Mozilla/5.0 (iPhone; CPU iPhone OS 7_0_4 like Mac OS X) AppleWebKit/536.26 (KHTML, like Gecko) GSA/3.2.1.25875 Mobile/11B554a Safari/8536.25"
10.228.39.162 - - [06/Feb/2014:08:02:16 +0100] "GET /service/search/suggest?q=britney%20 HTTP/1.1" 200 196 "http://www.myvideo.de/watch/8780153/Christina_Aguilera_Your_Body" "Mozilla/5.0 (Windows NT 6.1; WOW64; Trident/7.0; rv:11.0) like Gecko"
10.228.39.162 - - [06/Feb/2014:08:02:16 +0100] "GET /_internal/healthcheck HTTP/1.1" 200 12 "-" "-"
10.228.39.199 - - [06/Feb/2014:08:02:16 +0100] "GET /service/search/suggest?q=der%20senkrechtsta HTTP/1.1" 200 33 "http://www.myvideo.de/" "Mozilla/5.0 (Windows NT 6.1; WOW64) AppleWebKit/537.36 (KHTML, like Gecko) Chrome/32.0.1700.107 Safari/537.36"
10.228.39.187 - - [06/Feb/2014:08:02:16 +0100] "GET /_internal/healthcheck HTTP/1.1" 200 12 "-" "-"
10.228.39.162 - - [06/Feb/2014:08:02:16 +0100] "GET /service/search/suggest?q=britney%20s HTTP/1.1" 200 202 "http://www.myvideo.de/watch/8780153/Christina_Aguilera_Your_Body" "Mozilla/5.0 (Windows NT 6.1; WOW64; Trident/7.0; rv:11.0) like Gecko"
10.228.39.162 - - [06/Feb/2014:08:02:17 +0100] "GET /Videos_A-Z?searchChannelID=369&searchChannel=Film HTTP/1.1" 404 69 "http://www.myvideo.de/Filme" "Mozilla/5.0 (Windows NT 6.1; WOW64; rv:26.0) Gecko/20100101 Firefox/26.0"
10.228.39.199 - - [06/Feb/2014:08:02:17 +0100] "GET /service/search/suggest?q=microfoam HTTP/1.1" 200 33 "http://www.myvideo.de/watch/9364239/hard_hogtie" "Mozilla/5.0 (Macintosh; Intel Mac OS X 10.9; rv:26.0) Gecko/20100101 Firefox/26.0"
10.228.39.173 - - [06/Feb/2014:08:02:17 +0100] "GET /_internal/healthcheck HTTP/1.1" 200 12 "-" "-"
10.228.39.162 - - [06/Feb/2014:08:02:18 +0100] "GET /service/search/suggest?q=britney%20spea HTTP/1.1" 200 203 "http://www.myvideo.de/watch/8780153/Christina_Aguilera_Your_Body" "Mozilla/5.0 (Windows NT 6.1; WOW64; Trident/7.0; rv:11.0) like Gecko"
10.228.39.186 - - [06/Feb/2014:08:02:18 +0100] "GET /_internal/healthcheck HTTP/1.1" 200 12 "-" "-"
10.228.39.162 - - [06/Feb/2014:08:02:18 +0100] "GET /service/search/suggest?q=britney%20spear HTTP/1.1" 200 203 "http://www.myvideo.de/watch/8780153/Christina_Aguilera_Your_Body" "Mozilla/5.0 (Windows NT 6.1; WOW64; Trident/7.0; rv:11.0) like Gecko"
10.228.8.2 - - [06/Feb/2014:08:02:18 +0100] "GET / HTTP/1.0" 200 62960 "-" "-"
10.228.39.172 - - [06/Feb/2014:08:02:18 +0100] "GET /Videos_A-Z?lpage=122&searchWord=&searchChannelID=5&searchChannel=Erotik&searchOrder=7 HTTP/1.1" 404 69 "http://www.myvideo.de/Videos_A-Z?lpage=120&searchWord=&searchChannelID=5&searchChannel=Erotik&searchOrder=7" "Mozilla/5.0 (Windows NT 6.1; rv:26.0) Gecko/20100101 Firefox/26.0"
10.228.39.199 - - [06/Feb/2014:08:02:18 +0100] "GET /services/internal/legacymenu/de/nrbhv/tbeal HTTP/1.1" 200 4342 "http://www.myvideo.de/" "Mozilla/5.0 (Windows NT 6.1; WOW64; rv:26.0) Gecko/20100101 Firefox/26.0"
10.228.39.172 - - [06/Feb/2014:08:02:18 +0100] "GET /search?q=walk+down+that+lonesome+road HTTP/1.1" 200 13485 "-" "Mozilla/4.0 (compatible; MSIE 6.0; Windows NT 5.1; SV1; CrystalSemanticsBot http://www.crystalsemantics.com/user-agent/)"
10.228.8.3 - - [06/Feb/2014:08:02:19 +0100] "GET / HTTP/1.0" 200 78888 "-" "-"
10.228.39.162 - - [06/Feb/2014:08:02:19 +0100] "GET /service/search/suggest?q=bondage HTTP/1.1" 200 91 "http://www.myvideo.de/" "Mozilla/5.0 (Windows NT 6.1; WOW64; rv:27.0) Gecko/20100101 Firefox/27.0"
10.228.39.162 - - [06/Feb/2014:08:02:19 +0100] "GET /search?q=britney+spears HTTP/1.1" 200 16820 "http://www.myvideo.de/watch/8780153/Christina_Aguilera_Your_Body" "Mozilla/5.0 (Windows NT 6.1; WOW64; Trident/7.0; rv:11.0) like Gecko"
10.228.39.162 - - [06/Feb/2014:08:02:19 +0100] "GET /search?q=Der+Senkrechtstarter HTTP/1.1" 200 17085 "-" "Mozilla/4.0 (compatible; MSIE 6.0; Windows NT 5.1; SV1; CrystalSemanticsBot http://www.crystalsemantics.com/user-agent/)"
10.228.39.199 - - [06/Feb/2014:08:02:20 +0100] "GET /_internal/healthcheck HTTP/1.1" 200 12 "-" "-"
10.228.39.172 - - [06/Feb/2014:08:02:20 +0100] "GET /_internal/healthcheck HTTP/1.1" 200 12 "-" "-"
10.228.39.199 - - [06/Feb/2014:08:02:21 +0100] "GET /Videos_A-Z?searchWord=spanking+bondage&searchChannel=Erotik&searchOrder=2 HTTP/1.1" 404 69 "http://www.myvideo.de/Videos_A-Z?searchWord=spanking+bondage&searchChannel=Erotik&searchOrder=1" "Mozilla/5.0 (X11; Linux x86_64; rv:17.0) Gecko/20131030 Firefox/17.0 Iceweasel/17.0.10"
10.228.39.162 - - [06/Feb/2014:08:02:21 +0100] "GET /_internal/healthcheck HTTP/1.1" 200 12 "-" "-"
10.228.39.187 - - [06/Feb/2014:08:02:21 +0100] "GET /_internal/healthcheck HTTP/1.1" 200 12 "-" "-"
10.228.39.199 - - [06/Feb/2014:08:02:22 +0100] "GET /services/internal/legacymenu/de/evewp/aaogd HTTP/1.1" 200 4349 "http://www.myvideo.de/Serien/Sat_1_Gold" "Mozilla/5.0 (Windows NT 6.3; WOW64) AppleWebKit/537.36 (KHTML, like Gecko) Chrome/32.0.1700.107 Safari/537.36"
10.228.39.173 - - [06/Feb/2014:08:02:22 +0100] "GET /_internal/healthcheck HTTP/1.1" 200 12 "-" "-"
10.228.39.199 - - [06/Feb/2014:08:02:22 +0100] "GET /search?sortField=&category=ALL&rows=10&start=90&q=pantyhose+bound&spellCheckRejected=true&nextButtonCounter=9&_format=ajax HTTP/1.1" 200 1993 "http://www.myvideo.de/search?q=pantyhose+bound" "Mozilla/5.0 (Windows NT 6.1; WOW64; Trident/7.0; rv:11.0) like Gecko"
10.228.39.199 - - [06/Feb/2014:08:02:23 +0100] "GET /Top_100?gclid=CJPMjqT3trwCFWT4wgodOisAMg HTTP/1.1" 404 69 "http://www.google.com/uds/afs?q=yotu&client=tonline&channel=tbr7%2Cexp_0001_c&hl=de&adtest=off&adsafe=low&r=m&adrep=2&po=true&max_radlink_len=30&oe=UTF-8&ie=UTF-8&fexp=21404%2C7000107&jsei=3&format=p8%7Cn2&ad=n2a8&nocache=4741391670019471&num=0&output=uds_ads_only&v=3&adlh=on&adext=as1%2Csr1&u_his=5&u_tz=60&dt=1391670019475&u_w=1600&u_h=900&biw=1600&bih=745&psw=1600&psh=102&frm=0&ui=uv3aTas1vAsRsLpO-lHst16sd13sv13-lhst16sd13sv13&rurl=http%3A%2F%2Fsuche.t-online.de%2Ffast-cgi%2Ftsc%3Fsr%3Dtweb%26q%3Dyotu%26dia%3Dtbr7" "Mozilla/5.0 (Windows NT 6.2; WOW64; rv:22.0) Gecko/20100101 Firefox/22.0 DT-Browser/DTB7.022.0018"
10.228.39.172 - - [06/Feb/2014:08:02:23 +0100] "GET /service/search/suggest?q=lola%20lynn%20hogtied HTTP/1.1" 200 33 "http://www.myvideo.de/search?q=lola+hogtied" "Mozilla/5.0 (compatible; MSIE 10.0; Windows NT 6.1; WOW64; Trident/6.0)"
10.228.39.186 - - [06/Feb/2014:08:02:23 +0100] "GET /_internal/healthcheck HTTP/1.1" 200 12 "-" "-"
10.228.39.172 - - [06/Feb/2014:08:02:23 +0100] "GET /service/search/suggest?q=wet%20clothes HTTP/1.1" 200 33 "http://www.myvideo.de/watch/8973892/Milena_Velba" "Mozilla/5.0 (Windows NT 6.1; WOW64; rv:26.0) Gecko/20100101 Firefox/26.0"
10.228.39.162 - - [06/Feb/2014:08:02:24 +0100] "GET /search?sortField=creationDate&category=ALL&rows=10&start=0&q=bondage&spellCheckRejected=true&nextButtonCounter=0&_format=ajax HTTP/1.1" 200 1976 "http://www.myvideo.de/search?q=bondage" "Mozilla/5.0 (Windows NT 6.1; WOW64; rv:27.0) Gecko/20100101 Firefox/27.0"
10.228.39.172 - - [06/Feb/2014:08:02:24 +0100] "GET /search?q=wet+clothes HTTP/1.1" 200 17031 "http://www.myvideo.de/watch/8973892/Milena_Velba" "Mozilla/5.0 (Windows NT 6.1; WOW64; rv:26.0) Gecko/20100101 Firefox/26.0"
10.228.39.172 - - [06/Feb/2014:08:02:24 +0100] "GET /search?sortField=&category=ALL&rows=10&start=20&q=Blonde+gagged&spellCheckRejected=true&nextButtonCounter=2&_format=ajax HTTP/1.1" 200 1394 "http://www.myvideo.de/search?q=Blonde+gagged" "Mozilla/5.0 (iPad; CPU OS 7_0_4 like Mac OS X) AppleWebKit/537.51.1 (KHTML, like Gecko) Mobile/11B554a"
10.228.39.172 - - [06/Feb/2014:08:02:25 +0100] "GET /search?q=milchbr%C3%BCste HTTP/1.1" 200 15732 "http://www.myvideo.de/search?q=milchbr%C3%BCdte" "Mozilla/5.0 (Windows NT 6.3; WOW64) AppleWebKit/537.36 (KHTML, like Gecko) Chrome/32.0.1700.102 Safari/537.36"
10.228.39.199 - - [06/Feb/2014:08:02:25 +0100] "GET /Filme HTTP/1.1" 404 69 "http://www.google.de/url?sa=t&rct=j&q=&esrc=s&frm=1&source=web&cd=1&ved=0CCwQFjAA&url=http%3A%2F%2Fwww.myvideo.de%2FFilme&ei=ZzPzUoDWLYnFtQa2woCABA&usg=AFQjCNFKI0VSdKrBO2l_b3xW0XlDfJtsRw&bvm=bv.60799247,d.Yms" "Mozilla/5.0 (compatible; MSIE 10.0; Windows NT 6.2; WOW64; Trident/6.0)"
10.228.39.199 - - [06/Feb/2014:08:02:25 +0100] "GET /_internal/healthcheck HTTP/1.1" 200 12 "-" "-"
10.228.39.172 - - [06/Feb/2014:08:02:25 +0100] "GET /service/search/suggest?q=under%20comtro HTTP/1.1" 200 33 "http://www.myvideo.de/watch/9296086/Imagine_Dragons_On_Top_Of_The_World" "Mozilla/5.0 (Windows NT 6.1; rv:26.0) Gecko/20100101 Firefox/26.0"
10.228.39.172 - - [06/Feb/2014:08:02:25 +0100] "GET /_internal/healthcheck HTTP/1.1" 200 12 "-" "-"
10.228.39.199 - - [06/Feb/2014:08:02:26 +0100] "GET /service/search/suggest?q=spankin HTTP/1.1" 200 33 "http://www.myvideo.de/watch/6843563/strenge_Krankenschwester" "Mozilla/5.0 (Windows NT 6.1; WOW64) AppleWebKit/537.36 (KHTML, like Gecko) Chrome/32.0.1700.76 Safari/537.36 OPR/19.0.1326.56"
10.228.39.162 - - [06/Feb/2014:08:02:26 +0100] "GET /search?sortField=alphaSort&category=ALL&rows=10&start=40&q=bondage&spellCheckRejected=true&nextButtonCounter=4&_format=ajax HTTP/1.1" 200 1506 "http://www.myvideo.de/search?q=bondage" "Mozilla/5.0 (Windows NT 6.1; WOW64; rv:26.0) Gecko/20100101 Firefox/26.0"
10.228.39.173 - - [06/Feb/2014:08:02:26 +0100] "GET /service/search/suggest?q=self%20b HTTP/1.1" 200 33 "http://www.myvideo.de/search?q=selfbondage" "Mozilla/5.0 (Windows NT 6.1; WOW64) AppleWebKit/537.36 (KHTML, like Gecko) Chrome/32.0.1700.107 Safari/537.36"
10.228.39.162 - - [06/Feb/2014:08:02:26 +0100] "GET /_internal/healthcheck HTTP/1.1" 200 12 "-" "-"
10.228.39.187 - - [06/Feb/2014:08:02:26 +0100] "GET /_internal/healthcheck HTTP/1.1" 200 12 "-" "-"
10.228.39.162 - - [06/Feb/2014:08:02:27 +0100] "GET /service/search/suggest?q=mad%20n HTTP/1.1" 200 33 "http://www.myvideo.de/" "Mozilla/5.0 (Windows NT 6.0) AppleWebKit/537.36 (KHTML, like Gecko) Chrome/32.0.1700.107 Safari/537.36"
10.228.39.173 - - [06/Feb/2014:08:02:27 +0100] "GET /_internal/healthcheck HTTP/1.1" 200 12 "-" "-"
10.228.39.162 - - [06/Feb/2014:08:02:27 +0100] "GET /search?q=Fullmetal+Alchemist+folge+05 HTTP/1.1" 200 13263 "http://www.myvideo.de/search?q=Fullmetal+Alchemist" "Mozilla/5.0 (Windows NT 6.1; WOW64; rv:26.0) Gecko/20100101 Firefox/26.0"
10.228.39.199 - - [06/Feb/2014:08:02:28 +0100] "POST /service/data/video/9438365/config HTTP/1.1" 200 1188 "http://www.myvideo.de/TV/Anime_TV/naruto?videoId=9438365" "Mozilla/5.0 (Windows NT 6.2; WOW64) AppleWebKit/537.36 (KHTML, like Gecko) Chrome/32.0.1700.102 Safari/537.36"
10.228.39.186 - - [06/Feb/2014:08:02:28 +0100] "GET /_internal/healthcheck HTTP/1.1" 200 12 "-" "-"
10.228.39.172 - - [06/Feb/2014:08:02:28 +0100] "GET /service/search/suggest?q=girl%20a HTTP/1.1" 200 339 "http://www.myvideo.de/watch/8853655/Jewell_As_A_Pillow" "Mozilla/5.0 (Windows NT 6.1) AppleWebKit/537.36 (KHTML, like Gecko) Chrome/32.0.1700.107 Safari/537.36"
10.228.39.162 - - [06/Feb/2014:08:02:29 +0100] "GET /service/search/suggest?q=dilli%20 HTTP/1.1" 200 91 "http://www.myvideo.de/" "Mozilla/4.0 (compatible; MSIE 8.0; Windows NT 6.1; Trident/4.0; SLCC2; .NET CLR 2.0.50727; .NET CLR 3.5.30729; .NET CLR 3.0.30729; Media Center PC 6.0; InfoPath.2)"
10.228.39.173 - - [06/Feb/2014:08:02:29 +0100] "GET /Videos_A-Z?lpage=1&searchWord=The%20Fun%20House&searchOrder=1 HTTP/1.1" 404 69 "-" "Mozilla/5.0 (X11; Linux i686; rv:9.0.1) Gecko/20100101 Firefox/9.0.1"
10.228.39.173 - - [06/Feb/2014:08:02:30 +0100] "GET /search?q=gagged+beauty HTTP/1.1" 200 15667 "http://www.myvideo.de/search?q=gagged" "Mozilla/5.0 (Windows NT 6.1; rv:27.0) Gecko/20100101 Firefox/27.0"
10.228.39.199 - - [06/Feb/2014:08:02:30 +0100] "GET /tv/prosieben/millionaerswahl HTTP/1.1" 200 18762 "-" "Mozilla/5.0 (compatible; Googlebot/2.1; +http://www.google.com/bot.html)"
10.228.39.199 - - [06/Feb/2014:08:02:30 +0100] "GET /_internal/healthcheck HTTP/1.1" 200 12 "-" "-"
10.228.39.199 - - [06/Feb/2014:11:09:36 +0100] "GET /nl-assets/75/images/error.gif?message=ReferenceError%3A+Can't+find+variable%3A+SH&file=http%3A%2F%2Fwww.myvideo.de%2Fwatch%2F4002803%2FRene_rockt_das_Haus_D&userAgent=Mozilla%2F5.0+AppleWebKit%2F537.36+(KHTML%2C+like+Gecko%3B+compatible%3B+Googlebot%2F2.1%3B+%2Bhttp%3A%2F%2Fwww.google.com%2Fbot.html)+Safari%2F537.36&url=http%3A%2F%2Fwww.myvideo.de%2Fwatch%2F4002803%2FRene_rockt_das_Haus_D&line=1&timestamp=1389312000000 HTTP/1.1" 200 1097 "-" "Mozilla/5.0 (compatible; Googlebot/2.1; +http://www.google.com/bot.html)"
10.228.39.162 - - [06/Feb/2014:08:02:30 +0100] "GET /Videos_A-Z?searchWord=&searchChannelID=5&searchChannel=+AACDEEFHHKKLLMMNUSTUVVW++W&searchOrder=1 HTTP/1.1" 404 69 "http://www.myvideo.de/Videos_A-Z?lpage=2&searchWord=&searchChannelID=5&searchChannel=+AACDEEFHHKKLLMMNUSTUVVW++W&searchOrder=1" "Mozilla/5.0 (compatible; MSIE 10.0; Windows Phone 8.0; Trident/6.0; IEMobile/10.0; ARM; Touch; NOKIA; Lumia 820)"
10.228.39.172 - - [06/Feb/2014:08:02:30 +0100] "GET /service/search/suggest?q=girl%20as%20pillow HTTP/1.1" 200 33 "http://www.myvideo.de/watch/8853655/Jewell_As_A_Pillow" "Mozilla/5.0 (Windows NT 6.1) AppleWebKit/537.36 (KHTML, like Gecko) Chrome/32.0.1700.107 Safari/537.36"
10.228.39.172 - - [06/Feb/2014:08:02:30 +0100] "GET /service/search/suggest?q=marlena%20gag HTTP/1.1" 200 33 "http://www.myvideo.de/search?q=marlena" "Opera/9.80 (Windows NT 6.1; Edition United States Local) Presto/2.12.388 Version/12.16"